
*** Running vivado
    with args -log design_1_axi_uartlite_0_0.vds -m64 -product Vivado -mode batch -messageDb vivado.pb -notrace -source design_1_axi_uartlite_0_0.tcl


****** Vivado v2025.2 (64-bit)
  **** SW Build 6299465 on Fri Nov 14 12:34:56 MST 2025
  **** IP Build 6300035 on Fri Nov 14 10:48:45 MST 2025
  **** SharedData Build 6298862 on Thu Nov 13 04:50:51 MST 2025
  **** Start of session at: Sun Jan 25 12:39:58 2026
    ** Copyright 1986-2022 Xilinx, Inc. All Rights Reserved.
    ** Copyright 2022-2025 Advanced Micro Devices, Inc. All Rights Reserved.

source design_1_axi_uartlite_0_0.tcl -notrace
Command: synth_design -top design_1_axi_uartlite_0_0 -part xc7z020clg400-1 -incremental_mode off -mode out_of_context
Starting synth_design
Attempting to get a license for feature 'Synthesis' and/or device 'xc7z020'
INFO: [Common 17-349] Got license for feature 'Synthesis' and/or device 'xc7z020'
INFO: [Device 21-403] Loading part xc7z020clg400-1
INFO: [Synth 8-7079] Multithreading enabled for synth_design using a maximum of 7 processes.
INFO: [Synth 8-7078] Launching helper process for spawning children vivado processes
INFO: [Synth 8-7075] Helper process launched with PID 54578
---------------------------------------------------------------------------------
Starting RTL Elaboration : Time (s): cpu = 00:00:04 ; elapsed = 00:00:04 . Memory (MB): peak = 2231.113 ; gain = 482.188 ; free physical = 1752 ; free virtual = 22788
---------------------------------------------------------------------------------
INFO: [Synth 8-638] synthesizing module 'design_1_axi_uartlite_0_0' [/home/tom/Documents/Projet_Innovative/project_1.gen/sources_1/bd/design_1/ip/design_1_axi_uartlite_0_0/synth/design_1_axi_uartlite_0_0.vhd:86]
	Parameter C_FAMILY bound to: zynq - type: string 
	Parameter C_S_AXI_ACLK_FREQ_HZ bound to: 50000000 - type: integer 
	Parameter C_S_AXI_ADDR_WIDTH bound to: 4 - type: integer 
	Parameter C_S_AXI_DATA_WIDTH bound to: 32 - type: integer 
	Parameter C_BAUDRATE bound to: 1200 - type: integer 
	Parameter C_DATA_BITS bound to: 8 - type: integer 
	Parameter C_USE_PARITY bound to: 0 - type: integer 
	Parameter C_ODD_PARITY bound to: 0 - type: integer 
INFO: [Synth 8-3491] module 'axi_uartlite' declared at '/home/tom/Documents/Projet_Innovative/project_1.gen/sources_1/bd/design_1/ipshared/eab1/hdl/axi_uartlite_v2_0_vh_rfs.vhd:1951' bound to instance 'U0' of component 'axi_uartlite' [/home/tom/Documents/Projet_Innovative/project_1.gen/sources_1/bd/design_1/ip/design_1_axi_uartlite_0_0/synth/design_1_axi_uartlite_0_0.vhd:168]
INFO: [Synth 8-638] synthesizing module 'axi_uartlite' [/home/tom/Documents/Projet_Innovative/project_1.gen/sources_1/bd/design_1/ipshared/eab1/hdl/axi_uartlite_v2_0_vh_rfs.vhd:2013]
INFO: [Synth 8-638] synthesizing module 'uartlite_core' [/home/tom/Documents/Projet_Innovative/project_1.gen/sources_1/bd/design_1/ipshared/eab1/hdl/axi_uartlite_v2_0_vh_rfs.vhd:1479]
INFO: [Synth 8-638] synthesizing module 'baudrate' [/home/tom/Documents/Projet_Innovative/project_1.gen/sources_1/bd/design_1/ipshared/eab1/hdl/axi_uartlite_v2_0_vh_rfs.vhd:1288]
INFO: [Synth 8-256] done synthesizing module 'baudrate' (0#1) [/home/tom/Documents/Projet_Innovative/project_1.gen/sources_1/bd/design_1/ipshared/eab1/hdl/axi_uartlite_v2_0_vh_rfs.vhd:1288]
INFO: [Synth 8-638] synthesizing module 'uartlite_rx' [/home/tom/Documents/Projet_Innovative/project_1.gen/sources_1/bd/design_1/ipshared/eab1/hdl/axi_uartlite_v2_0_vh_rfs.vhd:794]
	Parameter DEST_SYNC_FF bound to: 4 - type: integer 
	Parameter INIT_SYNC_FF bound to: 0 - type: integer 
	Parameter SIM_ASSERT_CHK bound to: 0 - type: integer 
	Parameter SRC_INPUT_REG bound to: 0 - type: integer 
INFO: [Synth 8-3491] module 'xpm_cdc_single' declared at '/home/tom/Xilinx/2025.2/data/ip/xpm/xpm_cdc/hdl/xpm_cdc.sv:152' bound to instance 'INPUT_DOUBLE_REGS3' of component 'xpm_cdc_single' [/home/tom/Documents/Projet_Innovative/project_1.gen/sources_1/bd/design_1/ipshared/eab1/hdl/axi_uartlite_v2_0_vh_rfs.vhd:854]
INFO: [Synth 8-6157] synthesizing module 'xpm_cdc_single' [/home/tom/Xilinx/2025.2/data/ip/xpm/xpm_cdc/hdl/xpm_cdc.sv:152]
INFO: [Synth 8-6155] done synthesizing module 'xpm_cdc_single' (0#1) [/home/tom/Xilinx/2025.2/data/ip/xpm/xpm_cdc/hdl/xpm_cdc.sv:152]
INFO: [Synth 8-638] synthesizing module 'srl_fifo' [/home/tom/Documents/Projet_Innovative/project_1.gen/sources_1/bd/design_1/ipshared/eab1/hdl/axi_uartlite_v2_0_vh_rfs.vhd:68]
INFO: [Synth 8-256] done synthesizing module 'srl_fifo' (0#1) [/home/tom/Documents/Projet_Innovative/project_1.gen/sources_1/bd/design_1/ipshared/eab1/hdl/axi_uartlite_v2_0_vh_rfs.vhd:68]
INFO: [Synth 8-256] done synthesizing module 'uartlite_rx' (0#1) [/home/tom/Documents/Projet_Innovative/project_1.gen/sources_1/bd/design_1/ipshared/eab1/hdl/axi_uartlite_v2_0_vh_rfs.vhd:794]
INFO: [Synth 8-638] synthesizing module 'uartlite_tx' [/home/tom/Documents/Projet_Innovative/project_1.gen/sources_1/bd/design_1/ipshared/eab1/hdl/axi_uartlite_v2_0_vh_rfs.vhd:306]
INFO: [Synth 8-256] done synthesizing module 'uartlite_tx' (0#1) [/home/tom/Documents/Projet_Innovative/project_1.gen/sources_1/bd/design_1/ipshared/eab1/hdl/axi_uartlite_v2_0_vh_rfs.vhd:306]
INFO: [Synth 8-256] done synthesizing module 'uartlite_core' (0#1) [/home/tom/Documents/Projet_Innovative/project_1.gen/sources_1/bd/design_1/ipshared/eab1/hdl/axi_uartlite_v2_0_vh_rfs.vhd:1479]
INFO: [Synth 8-638] synthesizing module 'axi_lite_ipif' [/home/tom/Documents/Projet_Innovative/project_1.gen/sources_1/bd/design_1/ipshared/66ea/hdl/axi_lite_ipif_v3_0_vh_rfs.vhd:2948]
INFO: [Synth 8-638] synthesizing module 'slave_attachment' [/home/tom/Documents/Projet_Innovative/project_1.gen/sources_1/bd/design_1/ipshared/66ea/hdl/axi_lite_ipif_v3_0_vh_rfs.vhd:2341]
INFO: [Synth 8-638] synthesizing module 'address_decoder' [/home/tom/Documents/Projet_Innovative/project_1.gen/sources_1/bd/design_1/ipshared/66ea/hdl/axi_lite_ipif_v3_0_vh_rfs.vhd:1775]
INFO: [Synth 8-638] synthesizing module 'pselect_f' [/home/tom/Documents/Projet_Innovative/project_1.gen/sources_1/bd/design_1/ipshared/66ea/hdl/axi_lite_ipif_v3_0_vh_rfs.vhd:1534]
INFO: [Synth 8-256] done synthesizing module 'pselect_f' (0#1) [/home/tom/Documents/Projet_Innovative/project_1.gen/sources_1/bd/design_1/ipshared/66ea/hdl/axi_lite_ipif_v3_0_vh_rfs.vhd:1534]
INFO: [Synth 8-638] synthesizing module 'pselect_f__parameterized0' [/home/tom/Documents/Projet_Innovative/project_1.gen/sources_1/bd/design_1/ipshared/66ea/hdl/axi_lite_ipif_v3_0_vh_rfs.vhd:1534]
INFO: [Synth 8-256] done synthesizing module 'pselect_f__parameterized0' (0#1) [/home/tom/Documents/Projet_Innovative/project_1.gen/sources_1/bd/design_1/ipshared/66ea/hdl/axi_lite_ipif_v3_0_vh_rfs.vhd:1534]
INFO: [Synth 8-638] synthesizing module 'pselect_f__parameterized1' [/home/tom/Documents/Projet_Innovative/project_1.gen/sources_1/bd/design_1/ipshared/66ea/hdl/axi_lite_ipif_v3_0_vh_rfs.vhd:1534]
INFO: [Synth 8-256] done synthesizing module 'pselect_f__parameterized1' (0#1) [/home/tom/Documents/Projet_Innovative/project_1.gen/sources_1/bd/design_1/ipshared/66ea/hdl/axi_lite_ipif_v3_0_vh_rfs.vhd:1534]
INFO: [Synth 8-638] synthesizing module 'pselect_f__parameterized2' [/home/tom/Documents/Projet_Innovative/project_1.gen/sources_1/bd/design_1/ipshared/66ea/hdl/axi_lite_ipif_v3_0_vh_rfs.vhd:1534]
INFO: [Synth 8-256] done synthesizing module 'pselect_f__parameterized2' (0#1) [/home/tom/Documents/Projet_Innovative/project_1.gen/sources_1/bd/design_1/ipshared/66ea/hdl/axi_lite_ipif_v3_0_vh_rfs.vhd:1534]
INFO: [Synth 8-256] done synthesizing module 'address_decoder' (0#1) [/home/tom/Documents/Projet_Innovative/project_1.gen/sources_1/bd/design_1/ipshared/66ea/hdl/axi_lite_ipif_v3_0_vh_rfs.vhd:1775]
INFO: [Synth 8-226] default block is never used [/home/tom/Documents/Projet_Innovative/project_1.gen/sources_1/bd/design_1/ipshared/66ea/hdl/axi_lite_ipif_v3_0_vh_rfs.vhd:2550]
INFO: [Synth 8-256] done synthesizing module 'slave_attachment' (0#1) [/home/tom/Documents/Projet_Innovative/project_1.gen/sources_1/bd/design_1/ipshared/66ea/hdl/axi_lite_ipif_v3_0_vh_rfs.vhd:2341]
INFO: [Synth 8-256] done synthesizing module 'axi_lite_ipif' (0#1) [/home/tom/Documents/Projet_Innovative/project_1.gen/sources_1/bd/design_1/ipshared/66ea/hdl/axi_lite_ipif_v3_0_vh_rfs.vhd:2948]
INFO: [Synth 8-256] done synthesizing module 'axi_uartlite' (0#1) [/home/tom/Documents/Projet_Innovative/project_1.gen/sources_1/bd/design_1/ipshared/eab1/hdl/axi_uartlite_v2_0_vh_rfs.vhd:2013]
INFO: [Synth 8-256] done synthesizing module 'design_1_axi_uartlite_0_0' (0#1) [/home/tom/Documents/Projet_Innovative/project_1.gen/sources_1/bd/design_1/ip/design_1_axi_uartlite_0_0/synth/design_1_axi_uartlite_0_0.vhd:86]
INFO: [Synth 8-6014] Unused sequential element is_read_reg was removed.  [/home/tom/Documents/Projet_Innovative/project_1.gen/sources_1/bd/design_1/ipshared/66ea/hdl/axi_lite_ipif_v3_0_vh_rfs.vhd:2447]
INFO: [Synth 8-6014] Unused sequential element is_write_reg was removed.  [/home/tom/Documents/Projet_Innovative/project_1.gen/sources_1/bd/design_1/ipshared/66ea/hdl/axi_lite_ipif_v3_0_vh_rfs.vhd:2448]
INFO: [Synth 8-7129] Port Address_In_Erly[2] in module address_decoder is either unconnected or has no load
INFO: [Synth 8-7129] Port Address_In_Erly[3] in module address_decoder is either unconnected or has no load
INFO: [Synth 8-7129] Port Bus_RNW in module address_decoder is either unconnected or has no load
INFO: [Synth 8-7129] Port S_AXI_WSTRB[3] in module slave_attachment is either unconnected or has no load
INFO: [Synth 8-7129] Port S_AXI_WSTRB[2] in module slave_attachment is either unconnected or has no load
INFO: [Synth 8-7129] Port S_AXI_WSTRB[1] in module slave_attachment is either unconnected or has no load
INFO: [Synth 8-7129] Port S_AXI_WSTRB[0] in module slave_attachment is either unconnected or has no load
INFO: [Synth 8-7129] Port src_clk in module xpm_cdc_single is either unconnected or has no load
INFO: [Synth 8-7129] Port bus2ip_cs in module uartlite_core is either unconnected or has no load
---------------------------------------------------------------------------------
Finished RTL Elaboration : Time (s): cpu = 00:00:05 ; elapsed = 00:00:06 . Memory (MB): peak = 2327.082 ; gain = 578.156 ; free physical = 1631 ; free virtual = 22668
---------------------------------------------------------------------------------
---------------------------------------------------------------------------------
Start Handling Custom Attributes
---------------------------------------------------------------------------------
---------------------------------------------------------------------------------
Finished Handling Custom Attributes : Time (s): cpu = 00:00:06 ; elapsed = 00:00:06 . Memory (MB): peak = 2333.020 ; gain = 584.094 ; free physical = 1633 ; free virtual = 22670
---------------------------------------------------------------------------------
---------------------------------------------------------------------------------
Finished RTL Optimization Phase 1 : Time (s): cpu = 00:00:06 ; elapsed = 00:00:06 . Memory (MB): peak = 2333.020 ; gain = 584.094 ; free physical = 1633 ; free virtual = 22670
---------------------------------------------------------------------------------
Netlist sorting complete. Time (s): cpu = 00:00:00 ; elapsed = 00:00:00.01 . Memory (MB): peak = 2333.020 ; gain = 0.000 ; free physical = 1633 ; free virtual = 22670
INFO: [Project 1-570] Preparing netlist for logic optimization

Processing XDC Constraints
Initializing timing engine
Parsing XDC File [/home/tom/Documents/Projet_Innovative/project_1.gen/sources_1/bd/design_1/ip/design_1_axi_uartlite_0_0/design_1_axi_uartlite_0_0_ooc.xdc] for cell 'U0'
Finished Parsing XDC File [/home/tom/Documents/Projet_Innovative/project_1.gen/sources_1/bd/design_1/ip/design_1_axi_uartlite_0_0/design_1_axi_uartlite_0_0_ooc.xdc] for cell 'U0'
Parsing XDC File [/home/tom/Documents/Projet_Innovative/project_1.gen/sources_1/bd/design_1/ip/design_1_axi_uartlite_0_0/design_1_axi_uartlite_0_0_board.xdc] for cell 'U0'
Finished Parsing XDC File [/home/tom/Documents/Projet_Innovative/project_1.gen/sources_1/bd/design_1/ip/design_1_axi_uartlite_0_0/design_1_axi_uartlite_0_0_board.xdc] for cell 'U0'
Parsing XDC File [/home/tom/Documents/Projet_Innovative/project_1.runs/design_1_axi_uartlite_0_0_synth_1/dont_touch.xdc]
Finished Parsing XDC File [/home/tom/Documents/Projet_Innovative/project_1.runs/design_1_axi_uartlite_0_0_synth_1/dont_touch.xdc]
INFO: [Project 1-236] Implementation specific constraints were found while reading constraint file [/home/tom/Xilinx/2025.2/data/ip/xpm/xpm_cdc/tcl/xpm_cdc_single.tcl]. These constraints will be ignored for synthesis but will be used in implementation. Impacted constraints are listed in the file [.Xil/design_1_axi_uartlite_0_0_propImpl.xdc].
Resolution: To avoid this warning, move constraints listed in [.Xil/design_1_axi_uartlite_0_0_propImpl.xdc] to another XDC file and exclude this new file from synthesis with the used_in_synthesis property (File Properties dialog in GUI) and re-run elaboration/synthesis.
INFO: [Project 1-1714] 1 XPM XDC files have been applied to the design.
Completed Processing XDC Constraints

Netlist sorting complete. Time (s): cpu = 00:00:00 ; elapsed = 00:00:00 . Memory (MB): peak = 2448.484 ; gain = 0.000 ; free physical = 1632 ; free virtual = 22668
INFO: [Project 1-111] Unisim Transformation Summary:
No Unisim elements were transformed.

Constraint Validation Runtime : Time (s): cpu = 00:00:00.02 ; elapsed = 00:00:00.01 . Memory (MB): peak = 2448.520 ; gain = 0.000 ; free physical = 1631 ; free virtual = 22668
INFO: [Designutils 20-5008] Incremental synthesis strategy off
---------------------------------------------------------------------------------
Finished Constraint Validation : Time (s): cpu = 00:00:12 ; elapsed = 00:00:12 . Memory (MB): peak = 2448.520 ; gain = 699.594 ; free physical = 1632 ; free virtual = 22669
---------------------------------------------------------------------------------
---------------------------------------------------------------------------------
Start Loading Part and Timing Information
---------------------------------------------------------------------------------
Loading part: xc7z020clg400-1
---------------------------------------------------------------------------------
Finished Loading Part and Timing Information : Time (s): cpu = 00:00:12 ; elapsed = 00:00:12 . Memory (MB): peak = 2456.488 ; gain = 707.562 ; free physical = 1632 ; free virtual = 22669
---------------------------------------------------------------------------------
---------------------------------------------------------------------------------
Start Applying 'set_property' XDC Constraints
---------------------------------------------------------------------------------
---------------------------------------------------------------------------------
Finished applying 'set_property' XDC Constraints : Time (s): cpu = 00:00:12 ; elapsed = 00:00:12 . Memory (MB): peak = 2456.488 ; gain = 707.562 ; free physical = 1632 ; free virtual = 22669
---------------------------------------------------------------------------------
INFO: [Synth 8-802] inferred FSM for state register 'state_reg' in module 'slave_attachment'
---------------------------------------------------------------------------------------------------
                   State |                     New Encoding |                Previous Encoding 
---------------------------------------------------------------------------------------------------
                 sm_idle |                             0010 |                               00
                 sm_read |                             1000 |                               01
                sm_write |                             0100 |                               10
                 sm_resp |                             0001 |                               11
---------------------------------------------------------------------------------------------------
INFO: [Synth 8-3354] encoded FSM with state register 'state_reg' using encoding 'one-hot' in module 'slave_attachment'
---------------------------------------------------------------------------------
Finished RTL Optimization Phase 2 : Time (s): cpu = 00:00:12 ; elapsed = 00:00:12 . Memory (MB): peak = 2456.488 ; gain = 707.562 ; free physical = 1632 ; free virtual = 22670
---------------------------------------------------------------------------------
---------------------------------------------------------------------------------
Start RTL Component Statistics 
---------------------------------------------------------------------------------
Detailed RTL Component Info : 
+---Adders : 
	   2 Input   12 Bit       Adders := 1     
	   2 Input    5 Bit       Adders := 4     
	   2 Input    3 Bit       Adders := 1     
+---Registers : 
	               32 Bit    Registers := 1     
	               16 Bit    Registers := 2     
	               12 Bit    Registers := 1     
	                5 Bit    Registers := 2     
	                4 Bit    Registers := 2     
	                3 Bit    Registers := 1     
	                2 Bit    Registers := 2     
	                1 Bit    Registers := 52    
+---Muxes : 
	   3 Input    8 Bit        Muxes := 1     
	   4 Input    4 Bit        Muxes := 1     
	   2 Input    4 Bit        Muxes := 6     
	   2 Input    3 Bit        Muxes := 1     
	   2 Input    2 Bit        Muxes := 4     
	   2 Input    1 Bit        Muxes := 36    
---------------------------------------------------------------------------------
Finished RTL Component Statistics 
---------------------------------------------------------------------------------
---------------------------------------------------------------------------------
Start Part Resource Summary
---------------------------------------------------------------------------------
Part Resources:
DSPs: 220 (col length:60)
BRAMs: 280 (col length: RAMB18 60 RAMB36 30)
---------------------------------------------------------------------------------
Finished Part Resource Summary
---------------------------------------------------------------------------------
---------------------------------------------------------------------------------
Start Cross Boundary and Area Optimization
---------------------------------------------------------------------------------
INFO: [Synth 8-7129] Port src_clk in module xpm_cdc_single is either unconnected or has no load
INFO: [Synth 8-7129] Port s_axi_wdata[31] in module axi_uartlite is either unconnected or has no load
INFO: [Synth 8-7129] Port s_axi_wdata[30] in module axi_uartlite is either unconnected or has no load
INFO: [Synth 8-7129] Port s_axi_wdata[29] in module axi_uartlite is either unconnected or has no load
INFO: [Synth 8-7129] Port s_axi_wdata[28] in module axi_uartlite is either unconnected or has no load
INFO: [Synth 8-7129] Port s_axi_wdata[27] in module axi_uartlite is either unconnected or has no load
INFO: [Synth 8-7129] Port s_axi_wdata[26] in module axi_uartlite is either unconnected or has no load
INFO: [Synth 8-7129] Port s_axi_wdata[25] in module axi_uartlite is either unconnected or has no load
INFO: [Synth 8-7129] Port s_axi_wdata[24] in module axi_uartlite is either unconnected or has no load
INFO: [Synth 8-7129] Port s_axi_wdata[23] in module axi_uartlite is either unconnected or has no load
INFO: [Synth 8-7129] Port s_axi_wdata[22] in module axi_uartlite is either unconnected or has no load
INFO: [Synth 8-7129] Port s_axi_wdata[21] in module axi_uartlite is either unconnected or has no load
INFO: [Synth 8-7129] Port s_axi_wdata[20] in module axi_uartlite is either unconnected or has no load
INFO: [Synth 8-7129] Port s_axi_wdata[19] in module axi_uartlite is either unconnected or has no load
INFO: [Synth 8-7129] Port s_axi_wdata[18] in module axi_uartlite is either unconnected or has no load
INFO: [Synth 8-7129] Port s_axi_wdata[17] in module axi_uartlite is either unconnected or has no load
INFO: [Synth 8-7129] Port s_axi_wdata[16] in module axi_uartlite is either unconnected or has no load
INFO: [Synth 8-7129] Port s_axi_wdata[15] in module axi_uartlite is either unconnected or has no load
INFO: [Synth 8-7129] Port s_axi_wdata[14] in module axi_uartlite is either unconnected or has no load
INFO: [Synth 8-7129] Port s_axi_wdata[13] in module axi_uartlite is either unconnected or has no load
INFO: [Synth 8-7129] Port s_axi_wdata[12] in module axi_uartlite is either unconnected or has no load
INFO: [Synth 8-7129] Port s_axi_wdata[11] in module axi_uartlite is either unconnected or has no load
INFO: [Synth 8-7129] Port s_axi_wdata[10] in module axi_uartlite is either unconnected or has no load
INFO: [Synth 8-7129] Port s_axi_wdata[9] in module axi_uartlite is either unconnected or has no load
INFO: [Synth 8-7129] Port s_axi_wdata[8] in module axi_uartlite is either unconnected or has no load
INFO: [Synth 8-7129] Port s_axi_wstrb[3] in module axi_uartlite is either unconnected or has no load
INFO: [Synth 8-7129] Port s_axi_wstrb[2] in module axi_uartlite is either unconnected or has no load
INFO: [Synth 8-7129] Port s_axi_wstrb[1] in module axi_uartlite is either unconnected or has no load
INFO: [Synth 8-7129] Port s_axi_wstrb[0] in module axi_uartlite is either unconnected or has no load
---------------------------------------------------------------------------------
Finished Cross Boundary and Area Optimization : Time (s): cpu = 00:00:14 ; elapsed = 00:00:14 . Memory (MB): peak = 2456.488 ; gain = 707.562 ; free physical = 1611 ; free virtual = 22649
---------------------------------------------------------------------------------
---------------------------------------------------------------------------------
Start Applying XDC Timing Constraints
---------------------------------------------------------------------------------
---------------------------------------------------------------------------------
Finished Applying XDC Timing Constraints : Time (s): cpu = 00:00:18 ; elapsed = 00:00:18 . Memory (MB): peak = 2507.488 ; gain = 758.562 ; free physical = 1524 ; free virtual = 22563
---------------------------------------------------------------------------------
---------------------------------------------------------------------------------
Start Timing Optimization
---------------------------------------------------------------------------------
---------------------------------------------------------------------------------
Finished Timing Optimization : Time (s): cpu = 00:00:18 ; elapsed = 00:00:19 . Memory (MB): peak = 2539.535 ; gain = 790.609 ; free physical = 1495 ; free virtual = 22533
---------------------------------------------------------------------------------
---------------------------------------------------------------------------------
Start Technology Mapping
---------------------------------------------------------------------------------
---------------------------------------------------------------------------------
Finished Technology Mapping : Time (s): cpu = 00:00:18 ; elapsed = 00:00:19 . Memory (MB): peak = 2539.535 ; gain = 790.609 ; free physical = 1495 ; free virtual = 22533
---------------------------------------------------------------------------------
---------------------------------------------------------------------------------
Start IO Insertion
---------------------------------------------------------------------------------
---------------------------------------------------------------------------------
Start Flattening Before IO Insertion
---------------------------------------------------------------------------------
---------------------------------------------------------------------------------
Finished Flattening Before IO Insertion
---------------------------------------------------------------------------------
---------------------------------------------------------------------------------
Start Final Netlist Cleanup
---------------------------------------------------------------------------------
---------------------------------------------------------------------------------
Finished Final Netlist Cleanup
---------------------------------------------------------------------------------
---------------------------------------------------------------------------------
Finished IO Insertion : Time (s): cpu = 00:00:22 ; elapsed = 00:00:22 . Memory (MB): peak = 2704.348 ; gain = 955.422 ; free physical = 1341 ; free virtual = 22379
---------------------------------------------------------------------------------
---------------------------------------------------------------------------------
Start Renaming Generated Instances
---------------------------------------------------------------------------------
---------------------------------------------------------------------------------
Finished Renaming Generated Instances : Time (s): cpu = 00:00:22 ; elapsed = 00:00:22 . Memory (MB): peak = 2704.348 ; gain = 955.422 ; free physical = 1341 ; free virtual = 22379
---------------------------------------------------------------------------------
---------------------------------------------------------------------------------
Start Rebuilding User Hierarchy
---------------------------------------------------------------------------------
---------------------------------------------------------------------------------
Finished Rebuilding User Hierarchy : Time (s): cpu = 00:00:22 ; elapsed = 00:00:22 . Memory (MB): peak = 2704.348 ; gain = 955.422 ; free physical = 1341 ; free virtual = 22379
---------------------------------------------------------------------------------
---------------------------------------------------------------------------------
Start Renaming Generated Ports
---------------------------------------------------------------------------------
---------------------------------------------------------------------------------
Finished Renaming Generated Ports : Time (s): cpu = 00:00:22 ; elapsed = 00:00:22 . Memory (MB): peak = 2704.348 ; gain = 955.422 ; free physical = 1341 ; free virtual = 22379
---------------------------------------------------------------------------------
---------------------------------------------------------------------------------
Start Handling Custom Attributes
---------------------------------------------------------------------------------
---------------------------------------------------------------------------------
Finished Handling Custom Attributes : Time (s): cpu = 00:00:22 ; elapsed = 00:00:22 . Memory (MB): peak = 2704.348 ; gain = 955.422 ; free physical = 1341 ; free virtual = 22379
---------------------------------------------------------------------------------
---------------------------------------------------------------------------------
Start Renaming Generated Nets
---------------------------------------------------------------------------------
---------------------------------------------------------------------------------
Finished Renaming Generated Nets : Time (s): cpu = 00:00:22 ; elapsed = 00:00:22 . Memory (MB): peak = 2704.348 ; gain = 955.422 ; free physical = 1341 ; free virtual = 22379
---------------------------------------------------------------------------------
---------------------------------------------------------------------------------
Start ROM, RAM, DSP, Shift Register and Retiming Reporting
---------------------------------------------------------------------------------

Static Shift Register Report:
+-------------+--------------------------------------------------+--------+-------+--------------+--------------------+-------------------+--------+---------+
|Module Name  | RTL Name                                         | Length | Width | Reset Signal | Pull out first Reg | Pull out last Reg | SRL16E | SRLC32E | 
+-------------+--------------------------------------------------+--------+-------+--------------+--------------------+-------------------+--------+---------+
|axi_uartlite | UARTLITE_CORE_I/UARTLITE_RX_I/data_shift_reg[15] | 16     | 1     | YES          | NO                 | YES               | 1      | 0       | 
|axi_uartlite | UARTLITE_CORE_I/UARTLITE_TX_I/data_shift_reg[15] | 15     | 1     | YES          | NO                 | YES               | 1      | 0       | 
+-------------+--------------------------------------------------+--------+-------+--------------+--------------------+-------------------+--------+---------+


Dynamic Shift Register Report:
+------------+--------------+--------+------------+--------+---------+--------+--------+--------+
|Module Name | RTL Name     | Length | Data Width | SRL16E | SRLC32E | Mux F7 | Mux F8 | Mux F9 | 
+------------+--------------+--------+------------+--------+---------+--------+--------+--------+
|dsrl        | data_reg[15] | 8      | 8          | 8      | 0       | 0      | 0      | 0      | 
+------------+--------------+--------+------------+--------+---------+--------+--------+--------+

---------------------------------------------------------------------------------
Finished ROM, RAM, DSP, Shift Register and Retiming Reporting
---------------------------------------------------------------------------------
---------------------------------------------------------------------------------
Start Writing Synthesis Report
---------------------------------------------------------------------------------

Report BlackBoxes: 
+-+--------------+----------+
| |BlackBox name |Instances |
+-+--------------+----------+
+-+--------------+----------+

Report Cell Usage: 
+------+-------+------+
|      |Cell   |Count |
+------+-------+------+
|1     |CARRY4 |     3|
|2     |LUT1   |    14|
|3     |LUT2   |    23|
|4     |LUT3   |    10|
|5     |LUT4   |    28|
|6     |LUT5   |    22|
|7     |LUT6   |    23|
|8     |MUXF7  |     1|
|9     |SRL16E |    18|
|10    |FDRE   |    98|
|11    |FDSE   |    18|
+------+-------+------+
---------------------------------------------------------------------------------
Finished Writing Synthesis Report : Time (s): cpu = 00:00:22 ; elapsed = 00:00:22 . Memory (MB): peak = 2704.348 ; gain = 955.422 ; free physical = 1341 ; free virtual = 22379
---------------------------------------------------------------------------------
Synthesis finished with 0 errors, 0 critical warnings and 0 warnings.
Synthesis Optimization Runtime : Time (s): cpu = 00:00:20 ; elapsed = 00:00:21 . Memory (MB): peak = 2704.348 ; gain = 839.922 ; free physical = 1340 ; free virtual = 22379
Synthesis Optimization Complete : Time (s): cpu = 00:00:22 ; elapsed = 00:00:22 . Memory (MB): peak = 2704.355 ; gain = 955.422 ; free physical = 1340 ; free virtual = 22379
INFO: [Project 1-571] Translating synthesized netlist
Netlist sorting complete. Time (s): cpu = 00:00:00 ; elapsed = 00:00:00 . Memory (MB): peak = 2704.355 ; gain = 0.000 ; free physical = 1340 ; free virtual = 22379
INFO: [Netlist 29-17] Analyzing 4 Unisim elements for replacement
INFO: [Netlist 29-28] Unisim Transformation completed in 0 CPU seconds
INFO: [Project 1-570] Preparing netlist for logic optimization
INFO: [Opt 31-138] Pushed 0 inverter(s) to 0 load pin(s).
Netlist sorting complete. Time (s): cpu = 00:00:00 ; elapsed = 00:00:00 . Memory (MB): peak = 2760.375 ; gain = 0.000 ; free physical = 1505 ; free virtual = 22543
INFO: [Project 1-111] Unisim Transformation Summary:
No Unisim elements were transformed.

Synth Design complete | Checksum: 6793d22e
INFO: [Common 17-83] Releasing license: Synthesis
92 Infos, 0 Warnings, 0 Critical Warnings and 0 Errors encountered.
synth_design completed successfully
synth_design: Time (s): cpu = 00:00:28 ; elapsed = 00:00:26 . Memory (MB): peak = 2760.410 ; gain = 1140.375 ; free physical = 1505 ; free virtual = 22544
INFO: [Common 17-2834] synth_design peak Physical Memory [PSS] (MB): overall = 1975.063; main = 1854.878; forked = 283.116
INFO: [Common 17-2834] synth_design peak Virtual Memory [VSS] (MB): overall = 3577.562; main = 2760.379; forked = 994.023
Write ShapeDB Complete: Time (s): cpu = 00:00:00 ; elapsed = 00:00:00.01 . Memory (MB): peak = 2784.387 ; gain = 0.000 ; free physical = 1505 ; free virtual = 22544
INFO: [Common 17-1381] The checkpoint '/home/tom/Documents/Projet_Innovative/project_1.runs/design_1_axi_uartlite_0_0_synth_1/design_1_axi_uartlite_0_0.dcp' has been generated.
INFO: [Coretcl 2-1648] Added synthesis output to IP cache for IP design_1_axi_uartlite_0_0, cache-ID = 9671b0349d232b5d
INFO: [Coretcl 2-1174] Renamed 13 cell refs.
Write ShapeDB Complete: Time (s): cpu = 00:00:00 ; elapsed = 00:00:00 . Memory (MB): peak = 2784.387 ; gain = 0.000 ; free physical = 1508 ; free virtual = 22547
INFO: [Common 17-1381] The checkpoint '/home/tom/Documents/Projet_Innovative/project_1.runs/design_1_axi_uartlite_0_0_synth_1/design_1_axi_uartlite_0_0.dcp' has been generated.
INFO: [Vivado 12-24828] Executing command : report_utilization -file design_1_axi_uartlite_0_0_utilization_synth.rpt -pb design_1_axi_uartlite_0_0_utilization_synth.pb
INFO: [Common 17-206] Exiting Vivado at Sun Jan 25 12:40:30 2026...
