
*** Running vivado
    with args -log design_1_wrapper.vdi -applog -m64 -product Vivado -messageDb vivado.pb -mode batch -source design_1_wrapper.tcl -notrace


****** Vivado v2025.2 (64-bit)
  **** SW Build 6299465 on Fri Nov 14 12:34:56 MST 2025
  **** IP Build 6300035 on Fri Nov 14 10:48:45 MST 2025
  **** SharedData Build 6298862 on Thu Nov 13 04:50:51 MST 2025
  **** Start of session at: Sun Jan 25 12:41:07 2026
    ** Copyright 1986-2022 Xilinx, Inc. All Rights Reserved.
    ** Copyright 2022-2025 Advanced Micro Devices, Inc. All Rights Reserved.

source design_1_wrapper.tcl -notrace
INFO: [IP_Flow 19-234] Refreshing IP repositories
INFO: [IP_Flow 19-1704] No user IP repositories specified
INFO: [IP_Flow 19-2313] Loaded Vivado IP repository '/home/tom/Xilinx/2025.2/data/ip'.
Command: link_design -top design_1_wrapper -part xc7z020clg400-1
Design is defaulting to srcset: sources_1
Design is defaulting to constrset: constrs_1
INFO: [Device 21-403] Loading part xc7z020clg400-1
INFO: [Project 1-5699] Read binary netlist with skipMacroContent - 1
INFO: [Project 1-454] Reading design checkpoint '/home/tom/Documents/Projet_Innovative/project_1.gen/sources_1/bd/design_1/ip/design_1_axi_smc_0/design_1_axi_smc_0.dcp' for cell 'design_1_i/axi_smc'
INFO: [Project 1-454] Reading design checkpoint '/home/tom/Documents/Projet_Innovative/project_1.gen/sources_1/bd/design_1/ip/design_1_axi_uartlite_0_0/design_1_axi_uartlite_0_0.dcp' for cell 'design_1_i/axi_uartlite_0'
INFO: [Project 1-454] Reading design checkpoint '/home/tom/Documents/Projet_Innovative/project_1.gen/sources_1/bd/design_1/ip/design_1_proc_sys_reset_0_0/design_1_proc_sys_reset_0_0.dcp' for cell 'design_1_i/proc_sys_reset_0'
INFO: [Project 1-454] Reading design checkpoint '/home/tom/Documents/Projet_Innovative/project_1.gen/sources_1/bd/design_1/ip/design_1_processing_system7_0_0/design_1_processing_system7_0_0.dcp' for cell 'design_1_i/processing_system7_0'
Netlist sorting complete. Time (s): cpu = 00:00:00.06 ; elapsed = 00:00:00.05 . Memory (MB): peak = 1811.582 ; gain = 0.000 ; free physical = 2390 ; free virtual = 23429
INFO: [Netlist 29-17] Analyzing 15 Unisim elements for replacement
INFO: [Netlist 29-28] Unisim Transformation completed in 0 CPU seconds
INFO: [Project 1-479] Netlist was created with Vivado 2025.2
INFO: [Project 1-570] Preparing netlist for logic optimization
Parsing XDC File [/home/tom/Documents/Projet_Innovative/project_1.gen/sources_1/bd/design_1/ip/design_1_processing_system7_0_0/design_1_processing_system7_0_0.xdc] for cell 'design_1_i/processing_system7_0/inst'
Finished Parsing XDC File [/home/tom/Documents/Projet_Innovative/project_1.gen/sources_1/bd/design_1/ip/design_1_processing_system7_0_0/design_1_processing_system7_0_0.xdc] for cell 'design_1_i/processing_system7_0/inst'
Parsing XDC File [/home/tom/Documents/Projet_Innovative/project_1.gen/sources_1/bd/design_1/ip/design_1_proc_sys_reset_0_0/design_1_proc_sys_reset_0_0_board.xdc] for cell 'design_1_i/proc_sys_reset_0/U0'
Finished Parsing XDC File [/home/tom/Documents/Projet_Innovative/project_1.gen/sources_1/bd/design_1/ip/design_1_proc_sys_reset_0_0/design_1_proc_sys_reset_0_0_board.xdc] for cell 'design_1_i/proc_sys_reset_0/U0'
Parsing XDC File [/home/tom/Documents/Projet_Innovative/project_1.gen/sources_1/bd/design_1/ip/design_1_axi_uartlite_0_0/design_1_axi_uartlite_0_0_board.xdc] for cell 'design_1_i/axi_uartlite_0/U0'
Finished Parsing XDC File [/home/tom/Documents/Projet_Innovative/project_1.gen/sources_1/bd/design_1/ip/design_1_axi_uartlite_0_0/design_1_axi_uartlite_0_0_board.xdc] for cell 'design_1_i/axi_uartlite_0/U0'
Parsing XDC File [/home/tom/Documents/Projet_Innovative/project_1.gen/sources_1/bd/design_1/ip/design_1_axi_smc_0/bd_0/ip/ip_1/bd_afc3_psr_aclk_0_board.xdc] for cell 'design_1_i/axi_smc/inst/clk_map/psr_aclk/U0'
Finished Parsing XDC File [/home/tom/Documents/Projet_Innovative/project_1.gen/sources_1/bd/design_1/ip/design_1_axi_smc_0/bd_0/ip/ip_1/bd_afc3_psr_aclk_0_board.xdc] for cell 'design_1_i/axi_smc/inst/clk_map/psr_aclk/U0'
Parsing XDC File [/home/tom/Documents/Projet_Innovative/project_1.gen/sources_1/bd/design_1/ip/design_1_axi_smc_0/smartconnect.xdc] for cell 'design_1_i/axi_smc/inst'
Finished Parsing XDC File [/home/tom/Documents/Projet_Innovative/project_1.gen/sources_1/bd/design_1/ip/design_1_axi_smc_0/smartconnect.xdc] for cell 'design_1_i/axi_smc/inst'
Parsing XDC File [/home/tom/Documents/Projet_Innovative/project_1.srcs/constrs_1/new/constr.xdc]
Finished Parsing XDC File [/home/tom/Documents/Projet_Innovative/project_1.srcs/constrs_1/new/constr.xdc]
INFO: [Project 1-1714] 19 XPM XDC files have been applied to the design.
INFO: [Opt 31-138] Pushed 0 inverter(s) to 0 load pin(s).
Netlist sorting complete. Time (s): cpu = 00:00:00 ; elapsed = 00:00:00 . Memory (MB): peak = 2525.922 ; gain = 0.000 ; free physical = 1866 ; free virtual = 22905
INFO: [Project 1-111] Unisim Transformation Summary:
No Unisim elements were transformed.

16 Infos, 0 Warnings, 0 Critical Warnings and 0 Errors encountered.
link_design completed successfully
link_design: Time (s): cpu = 00:00:10 ; elapsed = 00:00:10 . Memory (MB): peak = 2525.957 ; gain = 905.891 ; free physical = 1866 ; free virtual = 22905
Command: opt_design
Attempting to get a license for feature 'Implementation' and/or device 'xc7z020'
INFO: [Common 17-349] Got license for feature 'Implementation' and/or device 'xc7z020'
Running DRC as a precondition to command opt_design

Starting DRC Task
INFO: [DRC 23-27] Running DRC with 8 threads
INFO: [Project 1-461] DRC finished with 0 Errors
INFO: [Project 1-462] Please refer to the DRC report (report_drc) for more information.

Time (s): cpu = 00:00:01 ; elapsed = 00:00:00.64 . Memory (MB): peak = 2553.328 ; gain = 27.371 ; free physical = 1793 ; free virtual = 22832

Starting Cache Timing Information Task
INFO: [Timing 38-35] Done setting XDC timing constraints.
Ending Cache Timing Information Task | Checksum: 18b1f3c55

Time (s): cpu = 00:00:00.12 ; elapsed = 00:00:00.07 . Memory (MB): peak = 2553.328 ; gain = 0.000 ; free physical = 1793 ; free virtual = 22832

Starting Logic Optimization Task

Phase 1 Initialization

Phase 1.1 Core Generation And Design Setup
Phase 1.1 Core Generation And Design Setup | Checksum: 18b1f3c55

Time (s): cpu = 00:00:00 ; elapsed = 00:00:00 . Memory (MB): peak = 2879.141 ; gain = 0.000 ; free physical = 1431 ; free virtual = 22470

Phase 1.2 Setup Constraints And Sort Netlist
Phase 1.2 Setup Constraints And Sort Netlist | Checksum: 18b1f3c55

Time (s): cpu = 00:00:00 ; elapsed = 00:00:00.01 . Memory (MB): peak = 2879.141 ; gain = 0.000 ; free physical = 1431 ; free virtual = 22470
Phase 1 Initialization | Checksum: 18b1f3c55

Time (s): cpu = 00:00:00.01 ; elapsed = 00:00:00.01 . Memory (MB): peak = 2879.141 ; gain = 0.000 ; free physical = 1431 ; free virtual = 22470

Phase 2 Timer Update And Timing Data Collection

Phase 2.1 Detect if minReqCache needed
Phase 2.1 Detect if minReqCache needed | Checksum: 18b1f3c55

Time (s): cpu = 00:00:00.01 ; elapsed = 00:00:00.01 . Memory (MB): peak = 2882.109 ; gain = 2.969 ; free physical = 1431 ; free virtual = 22470

Phase 2.2 Timer Update
Phase 2.2 Timer Update | Checksum: 18b1f3c55

Time (s): cpu = 00:00:00.08 ; elapsed = 00:00:00.04 . Memory (MB): peak = 2882.109 ; gain = 2.969 ; free physical = 1431 ; free virtual = 22470

Phase 2.3 Timing Data Collection
Phase 2.3 Timing Data Collection | Checksum: 18b1f3c55

Time (s): cpu = 00:00:00.09 ; elapsed = 00:00:00.04 . Memory (MB): peak = 2882.109 ; gain = 2.969 ; free physical = 1430 ; free virtual = 22469
Phase 2 Timer Update And Timing Data Collection | Checksum: 18b1f3c55

Time (s): cpu = 00:00:00.09 ; elapsed = 00:00:00.05 . Memory (MB): peak = 2882.109 ; gain = 2.969 ; free physical = 1430 ; free virtual = 22469

Phase 3 Retarget
INFO: [Opt 31-1851] Number of loadless carry chains removed were: 0
INFO: [Opt 31-1834] Total Chains To Be Transformed Were: 0 AND Number of Transformed insts Created are: 0
INFO: [Opt 31-1566] Pulled 1 inverters resulting in an inversion of 12 pins
INFO: [Opt 31-138] Pushed 10 inverter(s) to 33 load pin(s).
INFO: [Opt 31-49] Retargeted 0 cell(s).
Phase 3 Retarget | Checksum: 1700296b2

Time (s): cpu = 00:00:00.24 ; elapsed = 00:00:00.12 . Memory (MB): peak = 2882.109 ; gain = 2.969 ; free physical = 1430 ; free virtual = 22469
Retarget | Checksum: 1700296b2
INFO: [Opt 31-389] Phase Retarget created 7 cells and removed 43 cells
INFO: [Opt 31-1021] In phase Retarget, 21 netlist objects are constrained preventing optimization. Please run opt_design with -debug_log to get more detail. 

Phase 4 Constant propagation
INFO: [Opt 31-138] Pushed 2 inverter(s) to 2 load pin(s).
Phase 4 Constant propagation | Checksum: 1e55d4399

Time (s): cpu = 00:00:00.29 ; elapsed = 00:00:00.16 . Memory (MB): peak = 2882.109 ; gain = 2.969 ; free physical = 1430 ; free virtual = 22469
Constant propagation | Checksum: 1e55d4399
INFO: [Opt 31-389] Phase Constant propagation created 57 cells and removed 177 cells
INFO: [Opt 31-1021] In phase Constant propagation, 20 netlist objects are constrained preventing optimization. Please run opt_design with -debug_log to get more detail. 

Phase 5 Sweep
INFO: [Constraints 18-11670] Building netlist checker database with flags, 0x8
Done building netlist checker database: Time (s): cpu = 00:00:00 ; elapsed = 00:00:00 . Memory (MB): peak = 2882.109 ; gain = 0.000 ; free physical = 1430 ; free virtual = 22469
INFO: [Constraints 18-11670] Building netlist checker database with flags, 0x8
Done building netlist checker database: Time (s): cpu = 00:00:00 ; elapsed = 00:00:00 . Memory (MB): peak = 2882.109 ; gain = 0.000 ; free physical = 1430 ; free virtual = 22469
Phase 5 Sweep | Checksum: 19afd5b44

Time (s): cpu = 00:00:00.64 ; elapsed = 00:00:00.52 . Memory (MB): peak = 2882.109 ; gain = 2.969 ; free physical = 1430 ; free virtual = 22469
Sweep | Checksum: 19afd5b44
INFO: [Opt 31-389] Phase Sweep created 0 cells and removed 136 cells
INFO: [Opt 31-1021] In phase Sweep, 25 netlist objects are constrained preventing optimization. Please run opt_design with -debug_log to get more detail. 

Phase 6 BUFG optimization
Phase 6 BUFG optimization | Checksum: 19afd5b44

Time (s): cpu = 00:00:00.66 ; elapsed = 00:00:00.53 . Memory (MB): peak = 2914.125 ; gain = 34.984 ; free physical = 1430 ; free virtual = 22469
BUFG optimization | Checksum: 19afd5b44
INFO: [Opt 31-662] Phase BUFG optimization created 0 cells of which 0 are BUFGs and removed 0 cells.

Phase 7 Shift Register Optimization
INFO: [Opt 31-1064] SRL Remap converted 0 SRLs to 0 registers and converted 0 registers of register chains to 0 SRLs
Phase 7 Shift Register Optimization | Checksum: 19afd5b44

Time (s): cpu = 00:00:00.67 ; elapsed = 00:00:00.54 . Memory (MB): peak = 2914.125 ; gain = 34.984 ; free physical = 1430 ; free virtual = 22469
Shift Register Optimization | Checksum: 19afd5b44
INFO: [Opt 31-389] Phase Shift Register Optimization created 0 cells and removed 0 cells

Phase 8 Post Processing Netlist
Phase 8 Post Processing Netlist | Checksum: 1e0dbc35d

Time (s): cpu = 00:00:00.68 ; elapsed = 00:00:00.55 . Memory (MB): peak = 2914.125 ; gain = 34.984 ; free physical = 1430 ; free virtual = 22469
Post Processing Netlist | Checksum: 1e0dbc35d
INFO: [Opt 31-389] Phase Post Processing Netlist created 0 cells and removed 0 cells
INFO: [Opt 31-1021] In phase Post Processing Netlist, 20 netlist objects are constrained preventing optimization. Please run opt_design with -debug_log to get more detail. 

Phase 9 Finalization

Phase 9.1 Finalizing Design Cores and Updating Shapes
Phase 9.1 Finalizing Design Cores and Updating Shapes | Checksum: 172d5ade5

Time (s): cpu = 00:00:00.79 ; elapsed = 00:00:00.6 . Memory (MB): peak = 2914.125 ; gain = 34.984 ; free physical = 1430 ; free virtual = 22469

Phase 9.2 Verifying Netlist Connectivity

Starting Connectivity Check Task

Time (s): cpu = 00:00:00.03 ; elapsed = 00:00:00 . Memory (MB): peak = 2914.125 ; gain = 0.000 ; free physical = 1430 ; free virtual = 22469
Phase 9.2 Verifying Netlist Connectivity | Checksum: 172d5ade5

Time (s): cpu = 00:00:00.82 ; elapsed = 00:00:00.6 . Memory (MB): peak = 2914.125 ; gain = 34.984 ; free physical = 1430 ; free virtual = 22469
Phase 9 Finalization | Checksum: 172d5ade5

Time (s): cpu = 00:00:00.82 ; elapsed = 00:00:00.61 . Memory (MB): peak = 2914.125 ; gain = 34.984 ; free physical = 1430 ; free virtual = 22469
Opt_design Change Summary
=========================


-------------------------------------------------------------------------------------------------------------------------
|  Phase                        |  #Cells created  |  #Cells Removed  |  #Constrained objects preventing optimizations  |
-------------------------------------------------------------------------------------------------------------------------
|  Retarget                     |               7  |              43  |                                             21  |
|  Constant propagation         |              57  |             177  |                                             20  |
|  Sweep                        |               0  |             136  |                                             25  |
|  BUFG optimization            |               0  |               0  |                                              0  |
|  Shift Register Optimization  |               0  |               0  |                                              0  |
|  Post Processing Netlist      |               0  |               0  |                                             20  |
-------------------------------------------------------------------------------------------------------------------------


Ending Logic Optimization Task | Checksum: 172d5ade5

Time (s): cpu = 00:00:00.82 ; elapsed = 00:00:00.61 . Memory (MB): peak = 2914.125 ; gain = 34.984 ; free physical = 1430 ; free virtual = 22469

Starting Power Optimization Task
INFO: [Pwropt 34-132] Skipping clock gating for clocks with a period < 2.00 ns.
Ending Power Optimization Task | Checksum: 172d5ade5

Time (s): cpu = 00:00:00.01 ; elapsed = 00:00:00 . Memory (MB): peak = 2914.125 ; gain = 0.000 ; free physical = 1430 ; free virtual = 22469

Starting Final Cleanup Task
Ending Final Cleanup Task | Checksum: 172d5ade5

Time (s): cpu = 00:00:00 ; elapsed = 00:00:00 . Memory (MB): peak = 2914.125 ; gain = 0.000 ; free physical = 1430 ; free virtual = 22469
Netlist sorting complete. Time (s): cpu = 00:00:00 ; elapsed = 00:00:00 . Memory (MB): peak = 2914.125 ; gain = 0.000 ; free physical = 1430 ; free virtual = 22469
INFO: [Common 17-83] Releasing license: Implementation
42 Infos, 0 Warnings, 0 Critical Warnings and 0 Errors encountered.
opt_design completed successfully
INFO: [Vivado 12-24828] Executing command : report_drc -file design_1_wrapper_drc_opted.rpt -pb design_1_wrapper_drc_opted.pb -rpx design_1_wrapper_drc_opted.rpx
Command: report_drc -file design_1_wrapper_drc_opted.rpt -pb design_1_wrapper_drc_opted.pb -rpx design_1_wrapper_drc_opted.rpx
INFO: [IP_Flow 19-1839] IP Catalog is up to date.
INFO: [DRC 23-27] Running DRC with 8 threads
INFO: [Vivado_Tcl 2-168] The results of DRC are in file /home/tom/Documents/Projet_Innovative/project_1.runs/impl_1/design_1_wrapper_drc_opted.rpt.
report_drc completed successfully
INFO: [Timing 38-480] Writing timing data to binary archive.
Wrote PlaceDB: Time (s): cpu = 00:00:00 ; elapsed = 00:00:00 . Memory (MB): peak = 2914.125 ; gain = 0.000 ; free physical = 1429 ; free virtual = 22468
Wrote PulsedLatchDB: Time (s): cpu = 00:00:00 ; elapsed = 00:00:00 . Memory (MB): peak = 2914.125 ; gain = 0.000 ; free physical = 1429 ; free virtual = 22468
Writing XDEF routing.
Write ShapeDB Complete: Time (s): cpu = 00:00:00.02 ; elapsed = 00:00:00 . Memory (MB): peak = 2914.125 ; gain = 0.000 ; free physical = 1429 ; free virtual = 22468
Writing XDEF routing logical nets.
Writing XDEF routing special nets.
Wrote RouteStorage: Time (s): cpu = 00:00:00.1 ; elapsed = 00:00:00.02 . Memory (MB): peak = 2914.125 ; gain = 0.000 ; free physical = 1429 ; free virtual = 22468
Wrote PlaceStorage: Time (s): cpu = 00:00:00.02 ; elapsed = 00:00:00.01 . Memory (MB): peak = 2914.125 ; gain = 0.000 ; free physical = 1429 ; free virtual = 22469
Wrote Netlist Cache: Time (s): cpu = 00:00:00 ; elapsed = 00:00:00 . Memory (MB): peak = 2914.125 ; gain = 0.000 ; free physical = 1429 ; free virtual = 22469
Wrote Device Cache: Time (s): cpu = 00:00:00.03 ; elapsed = 00:00:00.01 . Memory (MB): peak = 2914.125 ; gain = 0.000 ; free physical = 1429 ; free virtual = 22469
Write Physdb Complete: Time (s): cpu = 00:00:00.15 ; elapsed = 00:00:00.04 . Memory (MB): peak = 2914.125 ; gain = 0.000 ; free physical = 1429 ; free virtual = 22469
INFO: [Common 17-1381] The checkpoint '/home/tom/Documents/Projet_Innovative/project_1.runs/impl_1/design_1_wrapper_opt.dcp' has been generated.
Command: place_design
Attempting to get a license for feature 'Implementation' and/or device 'xc7z020'
INFO: [Common 17-349] Got license for feature 'Implementation' and/or device 'xc7z020'
INFO: [Common 17-83] Releasing license: Implementation
INFO: [DRC 23-27] Running DRC with 8 threads
INFO: [Vivado_Tcl 4-198] DRC finished with 0 Errors
INFO: [Vivado_Tcl 4-199] Please refer to the DRC report (report_drc) for more information.
INFO: [Timing 38-35] Done setting XDC timing constraints.
Running DRC as a precondition to command place_design
INFO: [DRC 23-27] Running DRC with 8 threads
INFO: [Vivado_Tcl 4-198] DRC finished with 0 Errors
INFO: [Vivado_Tcl 4-199] Please refer to the DRC report (report_drc) for more information.
INFO: [Place 30-611] Multithreading enabled for place_design using a maximum of 8 CPUs

Starting Placer Task

Phase 1 Placer Initialization

Phase 1.1 Placer Initialization Netlist Sorting
Netlist sorting complete. Time (s): cpu = 00:00:00 ; elapsed = 00:00:00 . Memory (MB): peak = 3002.168 ; gain = 0.000 ; free physical = 1421 ; free virtual = 22462
Phase 1.1 Placer Initialization Netlist Sorting | Checksum: 136aa927b

Time (s): cpu = 00:00:00.01 ; elapsed = 00:00:00 . Memory (MB): peak = 3002.168 ; gain = 0.000 ; free physical = 1421 ; free virtual = 22462
Netlist sorting complete. Time (s): cpu = 00:00:00 ; elapsed = 00:00:00 . Memory (MB): peak = 3002.168 ; gain = 0.000 ; free physical = 1421 ; free virtual = 22462

Phase 1.2 IO Placement/ Clock Placement/ Build Placer Device
Phase 1.2 IO Placement/ Clock Placement/ Build Placer Device | Checksum: e9bd37e6

Time (s): cpu = 00:00:00.66 ; elapsed = 00:00:00.35 . Memory (MB): peak = 3002.168 ; gain = 0.000 ; free physical = 1421 ; free virtual = 22462

Phase 1.3 Build Placer Netlist Model
Phase 1.3 Build Placer Netlist Model | Checksum: 1c4ca2f06

Time (s): cpu = 00:00:01 ; elapsed = 00:00:00.61 . Memory (MB): peak = 3002.168 ; gain = 0.000 ; free physical = 1422 ; free virtual = 22463

Phase 1.4 Constrain Clocks/Macros
Phase 1.4 Constrain Clocks/Macros | Checksum: 1c4ca2f06

Time (s): cpu = 00:00:01 ; elapsed = 00:00:00.61 . Memory (MB): peak = 3002.168 ; gain = 0.000 ; free physical = 1422 ; free virtual = 22463
Phase 1 Placer Initialization | Checksum: 1c4ca2f06

Time (s): cpu = 00:00:01 ; elapsed = 00:00:00.62 . Memory (MB): peak = 3002.168 ; gain = 0.000 ; free physical = 1422 ; free virtual = 22463

Phase 2 Global Placement

Phase 2.1 Floorplanning
Phase 2.1 Floorplanning | Checksum: 190b6bbfa

Time (s): cpu = 00:00:02 ; elapsed = 00:00:00.71 . Memory (MB): peak = 3002.168 ; gain = 0.000 ; free physical = 1425 ; free virtual = 22466

Phase 2.2 Update Timing before SLR Path Opt
Phase 2.2 Update Timing before SLR Path Opt | Checksum: 200d4eb2b

Time (s): cpu = 00:00:02 ; elapsed = 00:00:00.77 . Memory (MB): peak = 3002.168 ; gain = 0.000 ; free physical = 1432 ; free virtual = 22473

Phase 2.3 Post-Processing in Floorplanning
Phase 2.3 Post-Processing in Floorplanning | Checksum: 200d4eb2b

Time (s): cpu = 00:00:02 ; elapsed = 00:00:00.78 . Memory (MB): peak = 3002.168 ; gain = 0.000 ; free physical = 1432 ; free virtual = 22473

Phase 2.4 Global Place Phase1
Phase 2.4 Global Place Phase1 | Checksum: 1b2027c6b

Time (s): cpu = 00:00:05 ; elapsed = 00:00:02 . Memory (MB): peak = 3002.168 ; gain = 0.000 ; free physical = 1439 ; free virtual = 22480

Phase 2.5 Global Place Phase2

Phase 2.5.1 UpdateTiming Before Physical Synthesis
Phase 2.5.1 UpdateTiming Before Physical Synthesis | Checksum: 1b2027c6b

Time (s): cpu = 00:00:05 ; elapsed = 00:00:02 . Memory (MB): peak = 3002.168 ; gain = 0.000 ; free physical = 1439 ; free virtual = 22480

Phase 2.5.2 Physical Synthesis In Placer
INFO: [Physopt 32-1035] Found 0 LUTNM shape to break, 87 LUT instances to create LUTNM shape
INFO: [Physopt 32-1044] Break lutnm for timing: one critical 0, two critical 0, total 0, new lutff created 0
INFO: [Physopt 32-1138] End 1 Pass. Optimized 29 nets or LUTs. Breaked 0 LUT, combined 29 existing LUTs and moved 0 existing LUT
INFO: [Physopt 32-65] No nets found for high-fanout optimization.
INFO: [Physopt 32-232] Optimized 0 net. Created 0 new instance.
INFO: [Physopt 32-775] End 1 Pass. Optimized 0 net or cell. Created 0 new cell, deleted 0 existing cell and moved 0 existing cell
INFO: [Physopt 32-670] No setup violation found.  DSP Register Optimization was not performed.
INFO: [Physopt 32-670] No setup violation found.  Shift Register to Pipeline Optimization was not performed.
INFO: [Physopt 32-670] No setup violation found.  Shift Register Optimization was not performed.
INFO: [Physopt 32-670] No setup violation found.  BRAM Register Optimization was not performed.
INFO: [Physopt 32-670] No setup violation found.  URAM Register Optimization was not performed.
INFO: [Physopt 32-949] No candidate nets found for dynamic/static region interface net replication
INFO: [Physopt 32-775] End 1 Pass. Optimized 0 net or cell. Created 0 new cell, deleted 0 existing cell and moved 0 existing cell
Netlist sorting complete. Time (s): cpu = 00:00:00 ; elapsed = 00:00:00 . Memory (MB): peak = 3002.168 ; gain = 0.000 ; free physical = 1440 ; free virtual = 22480

Summary of Physical Synthesis Optimizations
============================================


-----------------------------------------------------------------------------------------------------------------------------------------------------------
|  Optimization                                     |  Added Cells  |  Removed Cells  |  Optimized Cells/Nets  |  Dont Touch  |  Iterations  |  Elapsed   |
-----------------------------------------------------------------------------------------------------------------------------------------------------------
|  LUT Combining                                    |            0  |             29  |                    29  |           0  |           1  |  00:00:00  |
|  Retime                                           |            0  |              0  |                     0  |           0  |           1  |  00:00:00  |
|  Very High Fanout                                 |            0  |              0  |                     0  |           0  |           1  |  00:00:00  |
|  DSP Register                                     |            0  |              0  |                     0  |           0  |           0  |  00:00:00  |
|  Shift Register to Pipeline                       |            0  |              0  |                     0  |           0  |           0  |  00:00:00  |
|  Shift Register                                   |            0  |              0  |                     0  |           0  |           0  |  00:00:00  |
|  BRAM Register                                    |            0  |              0  |                     0  |           0  |           0  |  00:00:00  |
|  URAM Register                                    |            0  |              0  |                     0  |           0  |           0  |  00:00:00  |
|  Dynamic/Static Region Interface Net Replication  |            0  |              0  |                     0  |           0  |           1  |  00:00:00  |
|  Total                                            |            0  |             29  |                    29  |           0  |           4  |  00:00:00  |
-----------------------------------------------------------------------------------------------------------------------------------------------------------


Phase 2.5.2 Physical Synthesis In Placer | Checksum: 19ff3ad05

Time (s): cpu = 00:00:06 ; elapsed = 00:00:02 . Memory (MB): peak = 3002.168 ; gain = 0.000 ; free physical = 1440 ; free virtual = 22480
Phase 2.5 Global Place Phase2 | Checksum: 2494b5973

Time (s): cpu = 00:00:07 ; elapsed = 00:00:02 . Memory (MB): peak = 3002.168 ; gain = 0.000 ; free physical = 1440 ; free virtual = 22480
Phase 2 Global Placement | Checksum: 2494b5973

Time (s): cpu = 00:00:07 ; elapsed = 00:00:02 . Memory (MB): peak = 3002.168 ; gain = 0.000 ; free physical = 1440 ; free virtual = 22480

Phase 3 Detail Placement

Phase 3.1 Commit Multi Column Macros
Phase 3.1 Commit Multi Column Macros | Checksum: 1b13cd7cf

Time (s): cpu = 00:00:07 ; elapsed = 00:00:02 . Memory (MB): peak = 3002.168 ; gain = 0.000 ; free physical = 1440 ; free virtual = 22481

Phase 3.2 Commit Most Macros & LUTRAMs
Phase 3.2 Commit Most Macros & LUTRAMs | Checksum: 23b425592

Time (s): cpu = 00:00:07 ; elapsed = 00:00:02 . Memory (MB): peak = 3002.168 ; gain = 0.000 ; free physical = 1440 ; free virtual = 22481

Phase 3.3 Area Swap Optimization
Phase 3.3 Area Swap Optimization | Checksum: 2944cd061

Time (s): cpu = 00:00:07 ; elapsed = 00:00:02 . Memory (MB): peak = 3002.168 ; gain = 0.000 ; free physical = 1440 ; free virtual = 22481

Phase 3.4 Pipeline Register Optimization
Phase 3.4 Pipeline Register Optimization | Checksum: 29ed9a39f

Time (s): cpu = 00:00:07 ; elapsed = 00:00:02 . Memory (MB): peak = 3002.168 ; gain = 0.000 ; free physical = 1440 ; free virtual = 22481

Phase 3.5 Small Shape Detail Placement
Phase 3.5 Small Shape Detail Placement | Checksum: 13edb1d21

Time (s): cpu = 00:00:08 ; elapsed = 00:00:03 . Memory (MB): peak = 3002.168 ; gain = 0.000 ; free physical = 1442 ; free virtual = 22483

Phase 3.6 Re-assign LUT pins
Phase 3.6 Re-assign LUT pins | Checksum: 139a6160e

Time (s): cpu = 00:00:08 ; elapsed = 00:00:03 . Memory (MB): peak = 3002.168 ; gain = 0.000 ; free physical = 1442 ; free virtual = 22483

Phase 3.7 Pipeline Register Optimization
Phase 3.7 Pipeline Register Optimization | Checksum: 19ff4ddea

Time (s): cpu = 00:00:08 ; elapsed = 00:00:03 . Memory (MB): peak = 3002.168 ; gain = 0.000 ; free physical = 1442 ; free virtual = 22483
Phase 3 Detail Placement | Checksum: 19ff4ddea

Time (s): cpu = 00:00:08 ; elapsed = 00:00:03 . Memory (MB): peak = 3002.168 ; gain = 0.000 ; free physical = 1442 ; free virtual = 22483

Phase 4 Post Placement Optimization and Clean-Up

Phase 4.1 Post Commit Optimization
INFO: [Timing 38-35] Done setting XDC timing constraints.

Phase 4.1.1 Post Placement Optimization
Post Placement Optimization Initialization | Checksum: 9167fe0d

Phase 4.1.1.1 BUFG Insertion

Starting Physical Synthesis Task

Phase 1 Physical Synthesis Initialization
INFO: [Physopt 32-721] Multithreading enabled for phys_opt_design using a maximum of 8 CPUs
INFO: [Physopt 32-619] Estimated Timing Summary | WNS=12.595 | TNS=0.000 |
Phase 1 Physical Synthesis Initialization | Checksum: a6bb6e59

Time (s): cpu = 00:00:00.07 ; elapsed = 00:00:00.02 . Memory (MB): peak = 3002.168 ; gain = 0.000 ; free physical = 1442 ; free virtual = 22483
INFO: [Place 46-56] BUFG insertion identified 0 candidate nets. Inserted BUFG: 0, Replicated BUFG Driver: 0, Skipped due to Placement/Routing Conflicts: 0, Skipped due to Timing Degradation: 0, Skipped due to netlist editing failed: 0.
Ending Physical Synthesis Task | Checksum: b448b72d

Time (s): cpu = 00:00:00.08 ; elapsed = 00:00:00.03 . Memory (MB): peak = 3002.168 ; gain = 0.000 ; free physical = 1442 ; free virtual = 22483
Phase 4.1.1.1 BUFG Insertion | Checksum: 9167fe0d

Time (s): cpu = 00:00:09 ; elapsed = 00:00:03 . Memory (MB): peak = 3002.168 ; gain = 0.000 ; free physical = 1442 ; free virtual = 22483

Phase 4.1.1.2 Post Placement Timing Optimization
INFO: [Place 30-746] Post Placement Timing Summary WNS=12.595. For the most accurate timing information please run report_timing.
Phase 4.1.1.2 Post Placement Timing Optimization | Checksum: 87fe47c0

Time (s): cpu = 00:00:09 ; elapsed = 00:00:03 . Memory (MB): peak = 3002.168 ; gain = 0.000 ; free physical = 1442 ; free virtual = 22483

Time (s): cpu = 00:00:09 ; elapsed = 00:00:03 . Memory (MB): peak = 3002.168 ; gain = 0.000 ; free physical = 1442 ; free virtual = 22483
Phase 4.1 Post Commit Optimization | Checksum: 87fe47c0

Time (s): cpu = 00:00:09 ; elapsed = 00:00:03 . Memory (MB): peak = 3002.168 ; gain = 0.000 ; free physical = 1442 ; free virtual = 22483

Phase 4.2 Post Placement Cleanup
Phase 4.2 Post Placement Cleanup | Checksum: 87fe47c0

Time (s): cpu = 00:00:09 ; elapsed = 00:00:03 . Memory (MB): peak = 3002.168 ; gain = 0.000 ; free physical = 1442 ; free virtual = 22483

Phase 4.3 Placer Reporting

Phase 4.3.1 Print Estimated Congestion
INFO: [Place 30-612] Post-Placement Estimated Congestion 
 ____________________________________________________
|           | Global Congestion | Short Congestion  |
| Direction | Region Size       | Region Size       |
|___________|___________________|___________________|
|      North|                1x1|                1x1|
|___________|___________________|___________________|
|      South|                1x1|                1x1|
|___________|___________________|___________________|
|       East|                1x1|                1x1|
|___________|___________________|___________________|
|       West|                1x1|                1x1|
|___________|___________________|___________________|

Phase 4.3.1 Print Estimated Congestion | Checksum: 87fe47c0

Time (s): cpu = 00:00:09 ; elapsed = 00:00:03 . Memory (MB): peak = 3002.168 ; gain = 0.000 ; free physical = 1442 ; free virtual = 22483
Phase 4.3 Placer Reporting | Checksum: 87fe47c0

Time (s): cpu = 00:00:09 ; elapsed = 00:00:03 . Memory (MB): peak = 3002.168 ; gain = 0.000 ; free physical = 1442 ; free virtual = 22483

Phase 4.4 Final Placement Cleanup
Netlist sorting complete. Time (s): cpu = 00:00:00 ; elapsed = 00:00:00 . Memory (MB): peak = 3002.168 ; gain = 0.000 ; free physical = 1442 ; free virtual = 22483

Time (s): cpu = 00:00:09 ; elapsed = 00:00:03 . Memory (MB): peak = 3002.168 ; gain = 0.000 ; free physical = 1442 ; free virtual = 22483
Phase 4 Post Placement Optimization and Clean-Up | Checksum: 160da2574

Time (s): cpu = 00:00:09 ; elapsed = 00:00:03 . Memory (MB): peak = 3002.168 ; gain = 0.000 ; free physical = 1442 ; free virtual = 22483
Ending Placer Task | Checksum: 150f97977

Time (s): cpu = 00:00:09 ; elapsed = 00:00:03 . Memory (MB): peak = 3002.168 ; gain = 0.000 ; free physical = 1442 ; free virtual = 22483
77 Infos, 0 Warnings, 0 Critical Warnings and 0 Errors encountered.
place_design completed successfully
place_design: Time (s): cpu = 00:00:12 ; elapsed = 00:00:05 . Memory (MB): peak = 3002.168 ; gain = 88.043 ; free physical = 1442 ; free virtual = 22483
INFO: [Vivado 12-24838] Running report commands "report_control_sets, report_io, report_utilization" in parallel.
Running report generation with 3 threads.
INFO: [Vivado 12-24828] Executing command : report_control_sets -verbose -file design_1_wrapper_control_sets_placed.rpt
report_control_sets: Time (s): cpu = 00:00:00.05 ; elapsed = 00:00:00.08 . Memory (MB): peak = 3002.168 ; gain = 0.000 ; free physical = 1425 ; free virtual = 22466
INFO: [Vivado 12-24828] Executing command : report_utilization -file design_1_wrapper_utilization_placed.rpt -pb design_1_wrapper_utilization_placed.pb
INFO: [Vivado 12-24828] Executing command : report_io -file design_1_wrapper_io_placed.rpt
report_io: Time (s): cpu = 00:00:00.17 ; elapsed = 00:00:00.21 . Memory (MB): peak = 3002.168 ; gain = 0.000 ; free physical = 1427 ; free virtual = 22468
INFO: [Timing 38-480] Writing timing data to binary archive.
Wrote PlaceDB: Time (s): cpu = 00:00:00.01 ; elapsed = 00:00:00 . Memory (MB): peak = 3002.168 ; gain = 0.000 ; free physical = 1427 ; free virtual = 22468
Wrote PulsedLatchDB: Time (s): cpu = 00:00:00 ; elapsed = 00:00:00 . Memory (MB): peak = 3002.168 ; gain = 0.000 ; free physical = 1427 ; free virtual = 22468
Writing XDEF routing.
Write ShapeDB Complete: Time (s): cpu = 00:00:00.03 ; elapsed = 00:00:00.01 . Memory (MB): peak = 3002.168 ; gain = 0.000 ; free physical = 1427 ; free virtual = 22469
Writing XDEF routing logical nets.
Writing XDEF routing special nets.
Wrote RouteStorage: Time (s): cpu = 00:00:00.07 ; elapsed = 00:00:00.02 . Memory (MB): peak = 3002.168 ; gain = 0.000 ; free physical = 1427 ; free virtual = 22469
Wrote PlaceStorage: Time (s): cpu = 00:00:00.13 ; elapsed = 00:00:00.04 . Memory (MB): peak = 3002.168 ; gain = 0.000 ; free physical = 1427 ; free virtual = 22470
Wrote Netlist Cache: Time (s): cpu = 00:00:00.01 ; elapsed = 00:00:00 . Memory (MB): peak = 3002.168 ; gain = 0.000 ; free physical = 1427 ; free virtual = 22470
Wrote Device Cache: Time (s): cpu = 00:00:00.02 ; elapsed = 00:00:00 . Memory (MB): peak = 3002.168 ; gain = 0.000 ; free physical = 1427 ; free virtual = 22471
Write Physdb Complete: Time (s): cpu = 00:00:00.27 ; elapsed = 00:00:00.08 . Memory (MB): peak = 3002.168 ; gain = 0.000 ; free physical = 1427 ; free virtual = 22471
INFO: [Common 17-1381] The checkpoint '/home/tom/Documents/Projet_Innovative/project_1.runs/impl_1/design_1_wrapper_placed.dcp' has been generated.
Command: phys_opt_design
Attempting to get a license for feature 'Implementation' and/or device 'xc7z020'
INFO: [Common 17-349] Got license for feature 'Implementation' and/or device 'xc7z020'

Starting Initial Update Timing Task

Time (s): cpu = 00:00:00.43 ; elapsed = 00:00:00.11 . Memory (MB): peak = 3002.168 ; gain = 0.000 ; free physical = 1426 ; free virtual = 22469
INFO: [Vivado_Tcl 4-2279] Estimated Timing Summary | WNS= 12.595 | TNS= 0.000 | 
INFO: [Vivado_Tcl 4-383] Design worst setup slack (WNS) is greater than or equal to 0.000 ns. All physical synthesis setup optimizations will be skipped.
INFO: [Vivado_Tcl 4-232] No setup violation found. The netlist was not modified.
INFO: [Common 17-83] Releasing license: Implementation
88 Infos, 0 Warnings, 0 Critical Warnings and 0 Errors encountered.
phys_opt_design completed successfully
INFO: [Timing 38-480] Writing timing data to binary archive.
Wrote PlaceDB: Time (s): cpu = 00:00:00 ; elapsed = 00:00:00 . Memory (MB): peak = 3002.168 ; gain = 0.000 ; free physical = 1426 ; free virtual = 22469
Wrote PulsedLatchDB: Time (s): cpu = 00:00:00 ; elapsed = 00:00:00 . Memory (MB): peak = 3002.168 ; gain = 0.000 ; free physical = 1426 ; free virtual = 22469
Writing XDEF routing.
Write ShapeDB Complete: Time (s): cpu = 00:00:00.02 ; elapsed = 00:00:00.01 . Memory (MB): peak = 3002.168 ; gain = 0.000 ; free physical = 1426 ; free virtual = 22469
Writing XDEF routing logical nets.
Writing XDEF routing special nets.
Wrote RouteStorage: Time (s): cpu = 00:00:00.09 ; elapsed = 00:00:00.03 . Memory (MB): peak = 3002.168 ; gain = 0.000 ; free physical = 1426 ; free virtual = 22469
Wrote PlaceStorage: Time (s): cpu = 00:00:00.14 ; elapsed = 00:00:00.04 . Memory (MB): peak = 3002.168 ; gain = 0.000 ; free physical = 1426 ; free virtual = 22470
Wrote Netlist Cache: Time (s): cpu = 00:00:00.01 ; elapsed = 00:00:00 . Memory (MB): peak = 3002.168 ; gain = 0.000 ; free physical = 1426 ; free virtual = 22470
Wrote Device Cache: Time (s): cpu = 00:00:00.03 ; elapsed = 00:00:00.01 . Memory (MB): peak = 3002.168 ; gain = 0.000 ; free physical = 1425 ; free virtual = 22471
Write Physdb Complete: Time (s): cpu = 00:00:00.28 ; elapsed = 00:00:00.08 . Memory (MB): peak = 3002.168 ; gain = 0.000 ; free physical = 1425 ; free virtual = 22471
INFO: [Common 17-1381] The checkpoint '/home/tom/Documents/Projet_Innovative/project_1.runs/impl_1/design_1_wrapper_physopt.dcp' has been generated.
Command: route_design
Attempting to get a license for feature 'Implementation' and/or device 'xc7z020'
INFO: [Common 17-349] Got license for feature 'Implementation' and/or device 'xc7z020'


Starting Routing Task
INFO: [Route 35-254] Multithreading enabled for route_design using a maximum of 8 CPUs

Phase 1 Build RT Design
Checksum: PlaceDB: 716b0c87 ConstDB: 0 ShapeSum: c994fa00 RouteDB: 15f972f0
Post Restoration Checksum: NetGraph: f275643c | NumContArr: 3b7fd684 | Constraints: c2a8fa9d | Timing: c2a8fa9d
Phase 1 Build RT Design | Checksum: 2b3472ffa

Time (s): cpu = 00:00:21 ; elapsed = 00:00:18 . Memory (MB): peak = 3002.168 ; gain = 0.000 ; free physical = 1458 ; free virtual = 22502

Phase 2 Router Initialization

Phase 2.1 Fix Topology Constraints
Phase 2.1 Fix Topology Constraints | Checksum: 2b3472ffa

Time (s): cpu = 00:00:21 ; elapsed = 00:00:18 . Memory (MB): peak = 3002.168 ; gain = 0.000 ; free physical = 1458 ; free virtual = 22502

Phase 2.2 Pre Route Cleanup
Phase 2.2 Pre Route Cleanup | Checksum: 2b3472ffa

Time (s): cpu = 00:00:21 ; elapsed = 00:00:18 . Memory (MB): peak = 3002.168 ; gain = 0.000 ; free physical = 1458 ; free virtual = 22502
 Number of Nodes with overlaps = 0

Phase 2.3 Update Timing
Phase 2.3 Update Timing | Checksum: 255495778

Time (s): cpu = 00:00:22 ; elapsed = 00:00:19 . Memory (MB): peak = 3002.168 ; gain = 0.000 ; free physical = 1432 ; free virtual = 22477
INFO: [Route 35-416] Intermediate Timing Summary | WNS=12.629 | TNS=0.000  | WHS=-0.144 | THS=-16.587|


Phase 2.4 Soft Constraint Pins - Fast Budgeting
Phase 2.4 Soft Constraint Pins - Fast Budgeting | Checksum: 258ff4483

Time (s): cpu = 00:00:22 ; elapsed = 00:00:19 . Memory (MB): peak = 3002.168 ; gain = 0.000 ; free physical = 1432 ; free virtual = 22476

Router Utilization Summary
  Global Vertical Routing Utilization    = 0 %
  Global Horizontal Routing Utilization  = 0 %
  Routable Net Status*
  *Does not include unroutable nets such as driverless and loadless.
  Run report_route_status for detailed report.
  Number of Failed Nets               = 1270
    (Failed Nets is the sum of unrouted and partially routed nets)
  Number of Unrouted Nets             = 1270
  Number of Partially Routed Nets     = 0
  Number of Node Overlaps             = 0

Phase 2 Router Initialization | Checksum: 2872f84a2

Time (s): cpu = 00:00:23 ; elapsed = 00:00:19 . Memory (MB): peak = 3002.168 ; gain = 0.000 ; free physical = 1432 ; free virtual = 22476

Phase 3 Global Routing
Phase 3 Global Routing | Checksum: 2872f84a2

Time (s): cpu = 00:00:23 ; elapsed = 00:00:19 . Memory (MB): peak = 3002.168 ; gain = 0.000 ; free physical = 1432 ; free virtual = 22476

Phase 4 Initial Routing

Phase 4.1 Initial Net Routing Pass
Phase 4.1 Initial Net Routing Pass | Checksum: 229d0fb6a

Time (s): cpu = 00:00:23 ; elapsed = 00:00:19 . Memory (MB): peak = 3002.168 ; gain = 0.000 ; free physical = 1432 ; free virtual = 22476
Phase 4 Initial Routing | Checksum: 229d0fb6a

Time (s): cpu = 00:00:23 ; elapsed = 00:00:19 . Memory (MB): peak = 3002.168 ; gain = 0.000 ; free physical = 1432 ; free virtual = 22476

Phase 5 Rip-up And Reroute

Phase 5.1 Global Iteration 0
 Number of Nodes with overlaps = 59
 Number of Nodes with overlaps = 1
 Number of Nodes with overlaps = 0
INFO: [Route 35-416] Intermediate Timing Summary | WNS=12.185 | TNS=0.000  | WHS=N/A    | THS=N/A    |

Phase 5.1 Global Iteration 0 | Checksum: 1ebdf7129

Time (s): cpu = 00:00:24 ; elapsed = 00:00:19 . Memory (MB): peak = 3002.168 ; gain = 0.000 ; free physical = 1432 ; free virtual = 22476

Phase 5.2 Global Iteration 1
 Number of Nodes with overlaps = 0
INFO: [Route 35-416] Intermediate Timing Summary | WNS=12.185 | TNS=0.000  | WHS=N/A    | THS=N/A    |

Phase 5.2 Global Iteration 1 | Checksum: 2df9d5374

Time (s): cpu = 00:00:24 ; elapsed = 00:00:19 . Memory (MB): peak = 3002.168 ; gain = 0.000 ; free physical = 1432 ; free virtual = 22476
Phase 5 Rip-up And Reroute | Checksum: 2df9d5374

Time (s): cpu = 00:00:24 ; elapsed = 00:00:19 . Memory (MB): peak = 3002.168 ; gain = 0.000 ; free physical = 1432 ; free virtual = 22476

Phase 6 Delay and Skew Optimization

Phase 6.1 Delay CleanUp

Phase 6.1.1 Update Timing
Phase 6.1.1 Update Timing | Checksum: 28138d824

Time (s): cpu = 00:00:24 ; elapsed = 00:00:19 . Memory (MB): peak = 3002.168 ; gain = 0.000 ; free physical = 1432 ; free virtual = 22476
INFO: [Route 35-416] Intermediate Timing Summary | WNS=12.300 | TNS=0.000  | WHS=N/A    | THS=N/A    |

Phase 6.1 Delay CleanUp | Checksum: 28138d824

Time (s): cpu = 00:00:24 ; elapsed = 00:00:19 . Memory (MB): peak = 3002.168 ; gain = 0.000 ; free physical = 1432 ; free virtual = 22476

Phase 6.2 Clock Skew Optimization
Phase 6.2 Clock Skew Optimization | Checksum: 28138d824

Time (s): cpu = 00:00:24 ; elapsed = 00:00:19 . Memory (MB): peak = 3002.168 ; gain = 0.000 ; free physical = 1432 ; free virtual = 22476
Phase 6 Delay and Skew Optimization | Checksum: 28138d824

Time (s): cpu = 00:00:24 ; elapsed = 00:00:19 . Memory (MB): peak = 3002.168 ; gain = 0.000 ; free physical = 1432 ; free virtual = 22476

Phase 7 Post Hold Fix

Phase 7.1 Hold Fix Iter
INFO: [Route 35-416] Intermediate Timing Summary | WNS=12.300 | TNS=0.000  | WHS=0.051  | THS=0.000  |

Phase 7.1 Hold Fix Iter | Checksum: 2fce67c33

Time (s): cpu = 00:00:24 ; elapsed = 00:00:19 . Memory (MB): peak = 3002.168 ; gain = 0.000 ; free physical = 1432 ; free virtual = 22476
Phase 7 Post Hold Fix | Checksum: 2fce67c33

Time (s): cpu = 00:00:24 ; elapsed = 00:00:19 . Memory (MB): peak = 3002.168 ; gain = 0.000 ; free physical = 1432 ; free virtual = 22476

Phase 8 Route finalize

Router Utilization Summary
  Global Vertical Routing Utilization    = 0.119861 %
  Global Horizontal Routing Utilization  = 0.139283 %
  Routable Net Status*
  *Does not include unroutable nets such as driverless and loadless.
  Run report_route_status for detailed report.
  Number of Failed Nets               = 0
    (Failed Nets is the sum of unrouted and partially routed nets)
  Number of Unrouted Nets             = 0
  Number of Partially Routed Nets     = 0
  Number of Node Overlaps             = 0

Phase 8 Route finalize | Checksum: 2fce67c33

Time (s): cpu = 00:00:24 ; elapsed = 00:00:19 . Memory (MB): peak = 3002.168 ; gain = 0.000 ; free physical = 1432 ; free virtual = 22476

Phase 9 Verifying routed nets

 Verification completed successfully
Phase 9 Verifying routed nets | Checksum: 2fce67c33

Time (s): cpu = 00:00:24 ; elapsed = 00:00:19 . Memory (MB): peak = 3002.168 ; gain = 0.000 ; free physical = 1431 ; free virtual = 22476

Phase 10 Depositing Routes
Phase 10 Depositing Routes | Checksum: 31268df00

Time (s): cpu = 00:00:24 ; elapsed = 00:00:20 . Memory (MB): peak = 3002.168 ; gain = 0.000 ; free physical = 1431 ; free virtual = 22476

Phase 11 Post Process Routing
Phase 11 Post Process Routing | Checksum: 31268df00

Time (s): cpu = 00:00:24 ; elapsed = 00:00:20 . Memory (MB): peak = 3002.168 ; gain = 0.000 ; free physical = 1431 ; free virtual = 22476

Phase 12 Post Router Timing
INFO: [Route 35-57] Estimated Timing Summary | WNS=12.300 | TNS=0.000  | WHS=0.051  | THS=0.000  |

INFO: [Route 35-327] The final timing numbers are based on the router estimated timing analysis. For a complete and accurate timing signoff, please run report_timing_summary.
Phase 12 Post Router Timing | Checksum: 31268df00

Time (s): cpu = 00:00:24 ; elapsed = 00:00:20 . Memory (MB): peak = 3002.168 ; gain = 0.000 ; free physical = 1431 ; free virtual = 22476
Total Elapsed time in route_design: 19.52 secs

Phase 13 Post-Route Event Processing
Phase 13 Post-Route Event Processing | Checksum: 1ec996413

Time (s): cpu = 00:00:24 ; elapsed = 00:00:20 . Memory (MB): peak = 3002.168 ; gain = 0.000 ; free physical = 1431 ; free virtual = 22476
INFO: [Route 35-16] Router Completed Successfully
Ending Routing Task | Checksum: 1ec996413

Time (s): cpu = 00:00:24 ; elapsed = 00:00:20 . Memory (MB): peak = 3002.168 ; gain = 0.000 ; free physical = 1431 ; free virtual = 22476

Routing Is Done.
INFO: [Common 17-83] Releasing license: Implementation
101 Infos, 0 Warnings, 0 Critical Warnings and 0 Errors encountered.
route_design completed successfully
route_design: Time (s): cpu = 00:00:24 ; elapsed = 00:00:20 . Memory (MB): peak = 3002.168 ; gain = 0.000 ; free physical = 1431 ; free virtual = 22476
INFO: [Vivado 12-24828] Executing command : report_drc -file design_1_wrapper_drc_routed.rpt -pb design_1_wrapper_drc_routed.pb -rpx design_1_wrapper_drc_routed.rpx
Command: report_drc -file design_1_wrapper_drc_routed.rpt -pb design_1_wrapper_drc_routed.pb -rpx design_1_wrapper_drc_routed.rpx
INFO: [IP_Flow 19-1839] IP Catalog is up to date.
INFO: [DRC 23-27] Running DRC with 8 threads
INFO: [Vivado_Tcl 2-168] The results of DRC are in file /home/tom/Documents/Projet_Innovative/project_1.runs/impl_1/design_1_wrapper_drc_routed.rpt.
report_drc completed successfully
INFO: [Vivado 12-24828] Executing command : report_methodology -file design_1_wrapper_methodology_drc_routed.rpt -pb design_1_wrapper_methodology_drc_routed.pb -rpx design_1_wrapper_methodology_drc_routed.rpx
Command: report_methodology -file design_1_wrapper_methodology_drc_routed.rpt -pb design_1_wrapper_methodology_drc_routed.pb -rpx design_1_wrapper_methodology_drc_routed.rpx
INFO: [Timing 38-35] Done setting XDC timing constraints.
INFO: [DRC 23-133] Running Methodology with 8 threads
INFO: [Vivado_Tcl 2-1520] The results of Report Methodology are in file /home/tom/Documents/Projet_Innovative/project_1.runs/impl_1/design_1_wrapper_methodology_drc_routed.rpt.
report_methodology completed successfully
INFO: [Vivado 12-24828] Executing command : report_timing_summary -max_paths 10 -routable_nets -report_unconstrained -file design_1_wrapper_timing_summary_routed.rpt -pb design_1_wrapper_timing_summary_routed.pb -rpx design_1_wrapper_timing_summary_routed.rpx -warn_on_violation 
INFO: [Timing 38-35] Done setting XDC timing constraints.
INFO: [Timing 38-91] UpdateTimingParams: Speed grade: -1, Delay Type: min_max.
INFO: [Timing 38-191] Multithreading enabled for timing update using a maximum of 8 CPUs
INFO: [Vivado 12-24838] Running report commands "report_bus_skew, report_incremental_reuse, report_route_status" in parallel.
Running report generation with 3 threads.
INFO: [Vivado 12-24828] Executing command : report_incremental_reuse -file design_1_wrapper_incremental_reuse_routed.rpt
INFO: [Vivado_Tcl 4-1062] Incremental flow is disabled. No incremental reuse Info to report.
INFO: [Vivado 12-24828] Executing command : report_route_status -file design_1_wrapper_route_status.rpt -pb design_1_wrapper_route_status.pb
INFO: [Vivado 12-24828] Executing command : report_bus_skew -warn_on_violation -file design_1_wrapper_bus_skew_routed.rpt -pb design_1_wrapper_bus_skew_routed.pb -rpx design_1_wrapper_bus_skew_routed.rpx
INFO: [Timing 38-91] UpdateTimingParams: Speed grade: -1, Delay Type: min_max.
INFO: [Timing 38-191] Multithreading enabled for timing update using a maximum of 8 CPUs
INFO: [Vivado 12-24828] Executing command : report_power -file design_1_wrapper_power_routed.rpt -pb design_1_wrapper_power_summary_routed.pb -rpx design_1_wrapper_power_routed.rpx
Command: report_power -file design_1_wrapper_power_routed.rpt -pb design_1_wrapper_power_summary_routed.pb -rpx design_1_wrapper_power_routed.rpx
Running Vector-less Activity Propagation...

Finished Running Vector-less Activity Propagation
121 Infos, 0 Warnings, 0 Critical Warnings and 0 Errors encountered.
report_power completed successfully
INFO: [Vivado 12-24828] Executing command : report_clock_utilization -file design_1_wrapper_clock_utilization_routed.rpt
INFO: [Timing 38-480] Writing timing data to binary archive.
Wrote PlaceDB: Time (s): cpu = 00:00:00 ; elapsed = 00:00:00 . Memory (MB): peak = 3002.168 ; gain = 0.000 ; free physical = 1394 ; free virtual = 22439
Wrote PulsedLatchDB: Time (s): cpu = 00:00:00 ; elapsed = 00:00:00 . Memory (MB): peak = 3002.168 ; gain = 0.000 ; free physical = 1394 ; free virtual = 22439
Writing XDEF routing.
Write ShapeDB Complete: Time (s): cpu = 00:00:00.02 ; elapsed = 00:00:00 . Memory (MB): peak = 3002.168 ; gain = 0.000 ; free physical = 1394 ; free virtual = 22440
Writing XDEF routing logical nets.
Writing XDEF routing special nets.
Wrote RouteStorage: Time (s): cpu = 00:00:00.19 ; elapsed = 00:00:00.05 . Memory (MB): peak = 3002.168 ; gain = 0.000 ; free physical = 1394 ; free virtual = 22440
Wrote PlaceStorage: Time (s): cpu = 00:00:00.16 ; elapsed = 00:00:00.04 . Memory (MB): peak = 3002.168 ; gain = 0.000 ; free physical = 1393 ; free virtual = 22441
Wrote Netlist Cache: Time (s): cpu = 00:00:00.01 ; elapsed = 00:00:00 . Memory (MB): peak = 3002.168 ; gain = 0.000 ; free physical = 1392 ; free virtual = 22439
Wrote Device Cache: Time (s): cpu = 00:00:00.02 ; elapsed = 00:00:00.01 . Memory (MB): peak = 3002.168 ; gain = 0.000 ; free physical = 1392 ; free virtual = 22440
Write Physdb Complete: Time (s): cpu = 00:00:00.4 ; elapsed = 00:00:00.1 . Memory (MB): peak = 3002.168 ; gain = 0.000 ; free physical = 1392 ; free virtual = 22440
INFO: [Common 17-1381] The checkpoint '/home/tom/Documents/Projet_Innovative/project_1.runs/impl_1/design_1_wrapper_routed.dcp' has been generated.
Command: write_bitstream -force design_1_wrapper.bit
Attempting to get a license for feature 'Implementation' and/or device 'xc7z020'
INFO: [Common 17-349] Got license for feature 'Implementation' and/or device 'xc7z020'
Running DRC as a precondition to command write_bitstream
INFO: [IP_Flow 19-1839] IP Catalog is up to date.
INFO: [DRC 23-27] Running DRC with 8 threads
INFO: [Vivado 12-3199] DRC finished with 0 Errors
INFO: [Vivado 12-3200] Please refer to the DRC report (report_drc) for more information.
Integrating Hard IP ELF/MEM with the PDI.
INFO: [Designutils 20-2272] Running write_bitstream with 8 threads.
Loading data files...
Loading site data...
Loading route data...
Processing options...
Creating bitmap...
Creating bitstream...
Writing bitstream ./design_1_wrapper.bit...
INFO: [Vivado 12-1842] Bitgen Completed Successfully.
INFO: [Common 17-83] Releasing license: Implementation
132 Infos, 0 Warnings, 0 Critical Warnings and 0 Errors encountered.
write_bitstream completed successfully
write_bitstream: Time (s): cpu = 00:00:14 ; elapsed = 00:00:13 . Memory (MB): peak = 3163.270 ; gain = 161.102 ; free physical = 1140 ; free virtual = 22192
INFO: [Common 17-206] Exiting Vivado at Sun Jan 25 12:42:11 2026...
