#-----------------------------------------------------------
# Vivado v2025.2 (64-bit)
# SW Build 6299465 on Fri Nov 14 12:34:56 MST 2025
# IP Build 6300035 on Fri Nov 14 10:48:45 MST 2025
# SharedData Build 6298862 on Thu Nov 13 04:50:51 MST 2025
# Start of session at: Sun Jan 25 12:41:07 2026
# Process ID         : 55374
# Current directory  : /home/tom/Documents/Projet_Innovative/project_1.runs/impl_1
# Command line       : vivado -log design_1_wrapper.vdi -applog -product Vivado -messageDb vivado.pb -mode batch -source design_1_wrapper.tcl -notrace
# Log file           : /home/tom/Documents/Projet_Innovative/project_1.runs/impl_1/design_1_wrapper.vdi
# Journal file       : /home/tom/Documents/Projet_Innovative/project_1.runs/impl_1/vivado.jou
# Running On         : tom
# Platform           : Ubuntu
# Operating System   : Ubuntu 24.04.3 LTS
# Processor Detail   : Intel(R) Core(TM) i7-6700K CPU @ 4.00GHz
# CPU Frequency      : 3999.866 MHz
# CPU Physical cores : 4
# CPU Logical cores  : 8
# Host memory        : 16681 MB
# Swap memory        : 16000 MB
# Total Virtual      : 32681 MB
# Available Virtual  : 25204 MB
#-----------------------------------------------------------
source design_1_wrapper.tcl -notrace
